// Jest Snapshot v1, https://goo.gl/fbAQLP

exports[`Testing <GifCard /> Must match snapshot 1`] = `
<div>
  <div
    class="card"
  >
    <img
      alt="Image title"
      src="http://imagetest.com/"
    />
    <p>
      Image title
    </p>
  </div>
</div>
`;
